// Jest Snapshot v1, https://goo.gl/fbAQLP

exports[`matches snapshot 1`] = `
<div
  className="Box-sc-1b6inku-0 sc-AxjAm bAeCJN"
>
  <div
    className="sc-AxirZ eLNlIy"
  >
    <h1>
      <span
        className="ion ion-md-refresh mr-3 ion-spin"
      />
      Loading...
    </h1>
  </div>
</div>
`;
